# unicode.map -- mapping table to make unicode case-independent
#
#	(C) Copyright 1994 by Carnegie Mellon University
#
#                      All Rights Reserved
#
# Permission to use, copy, modify, distribute, and sell this software
# and its documentation for any purpose is hereby granted without
# fee, provided that the above copyright notice appear in all copies
# and that both that copyright notice and this permission notice
# appear in supporting documentation, and that the name of Carnegie
# Mellon University not be used in advertising or publicity
# pertaining to distribution of the software without specific,
# written prior permission.  Carnegie Mellon University makes no
# representations about the suitability of this software for any
# purpose.  It is provided "as is" without express or implied
# warranty.
#
# CARNEGIE MELLON UNIVERSITY DISCLAIMS ALL WARRANTIES WITH REGARD TO
# THIS SOFTWARE, INCLUDING ALL IMPLIED WARRANTIES OF MERCHANTABILITY
# AND FITNESS, IN NO EVENT SHALL CARNEGIE MELLON UNIVERSITY BE LIABLE
# FOR ANY SPECIAL, INDIRECT OR CONSEQUENTIAL DAMAGES OR ANY DAMAGES
# WHATSOEVER RESULTING FROM LOSS OF USE, DATA OR PROFITS, WHETHER IN
# AN ACTION OF CONTRACT, NEGLIGENCE OR OTHER TORTIOUS ACTION, ARISING
# OUT OF OR IN CONNECTION WITH THE USE OR PERFORMANCE OF THIS
# SOFTWARE.

0041 0061 # LATIN CAPITAL LETTER A
0042 0062 # LATIN CAPITAL LETTER B
0043 0063 # LATIN CAPITAL LETTER C
0044 0064 # LATIN CAPITAL LETTER D
0045 0065 # LATIN CAPITAL LETTER E
0046 0066 # LATIN CAPITAL LETTER F
0047 0067 # LATIN CAPITAL LETTER G
0048 0068 # LATIN CAPITAL LETTER H
0049 0069 # LATIN CAPITAL LETTER I
004a 006a # LATIN CAPITAL LETTER J
004b 006b # LATIN CAPITAL LETTER K
004c 006c # LATIN CAPITAL LETTER L
004d 006d # LATIN CAPITAL LETTER M
004e 006e # LATIN CAPITAL LETTER N
004f 006f # LATIN CAPITAL LETTER O
0050 0070 # LATIN CAPITAL LETTER P
0051 0071 # LATIN CAPITAL LETTER Q
0052 0072 # LATIN CAPITAL LETTER R
0053 0073 # LATIN CAPITAL LETTER S
0054 0074 # LATIN CAPITAL LETTER T
0055 0075 # LATIN CAPITAL LETTER U
0056 0076 # LATIN CAPITAL LETTER V
0057 0077 # LATIN CAPITAL LETTER W
0058 0078 # LATIN CAPITAL LETTER X
0059 0079 # LATIN CAPITAL LETTER Y
005a 007a # LATIN CAPITAL LETTER Z

# iso-8859-X hacks

00a0 " " # NO-BREAK SPACE
00ab "<<" # LEFT-POINTING DOUBLE ANGLE QUOTATION MARK
00ad "-" # SOFT HYPHEN
00b2 "2" # SUPERSCRIPT TWO
00b9 "1" # SUPERSCRIPT ONE
00b3 "3" # SUPERSCRIPT THREE
00bb ">>" # RIGHT-POINTING DOUBLE ANGLE QUOTATION MARK
00bc "1/4" # VULGAR FRACTION ONE QUARTER
00bd "1/2" # VULGAR FRACTION ONE HALF
00be "3/4" # VULGAR FRACTION THREE QUARTERS

00c0 00e0 # LATIN CAPITAL LETTER A WITH GRAVE
00c1 00e1 # LATIN CAPITAL LETTER A WITH ACUTE
00c2 00e2 # LATIN CAPITAL LETTER A WITH CIRCUMFLEX
00c3 00e3 # LATIN CAPITAL LETTER A WITH TILDE
00c4 00e4 # LATIN CAPITAL LETTER A WITH DIAERESIS
00c5 00e5 # LATIN CAPITAL LETTER A WITH RING ABOVE
00c6 00e6 # LATIN CAPITAL LIGATURE AE
00c7 00e7 # LATIN CAPITAL LETTER C WITH CEDILLA
00c8 00e8 # LATIN CAPITAL LETTER E WITH GRAVE
00c9 00e9 # LATIN CAPITAL LETTER E WITH ACUTE
00ca 00ea # LATIN CAPITAL LETTER E WITH CIRCUMFLEX
00cb 00eb # LATIN CAPITAL LETTER E WITH DIAERESIS
00cc 00ec # LATIN CAPITAL LETTER I WITH GRAVE
00cd 00ed # LATIN CAPITAL LETTER I WITH ACUTE
00ce 00ee # LATIN CAPITAL LETTER I WITH CIRCUMFLEX
00cf 00ef # LATIN CAPITAL LETTER I WITH DIAERESIS
00d0 00f0 # LATIN CAPITAL LETTER ETH (Icelandic)
00d1 00f1 # LATIN CAPITAL LETTER N WITH TILDE
00d2 00f2 # LATIN CAPITAL LETTER O WITH GRAVE
00d3 00f3 # LATIN CAPITAL LETTER O WITH ACUTE
00d4 00f4 # LATIN CAPITAL LETTER O WITH CIRCUMFLEX
00d5 00f5 # LATIN CAPITAL LETTER O WITH TILDE
00d6 00f6 # LATIN CAPITAL LETTER O WITH DIAERESIS
00d8 00f8 # LATIN CAPITAL LETTER O WITH STROKE
00d9 00f9 # LATIN CAPITAL LETTER U WITH GRAVE
00da 00fa # LATIN CAPITAL LETTER U WITH ACUTE
00db 00fb # LATIN CAPITAL LETTER U WITH CIRCUMFLEX
00dc 00fc # LATIN CAPITAL LETTER U WITH DIAERESIS
00dd 00fd # LATIN CAPITAL LETTER Y WITH ACUTE
00de 00fe # LATIN CAPITAL LETTER THORN (Icelandic)

00df "ss" # LATIN SMALL LETTER SHARP S (German)
00e6 "ae" # LATIN SMALL LIGATURE AE

0100 0101 # LATIN CAPITAL LETTER A WITH MACRON
0102 0103 # LATIN CAPITAL LETTER A WITH BREVE
0104 0105 # LATIN CAPITAL LETTER A WITH OGONEK
0106 0107 # LATIN CAPITAL LETTER C WITH ACUTE
0108 0109 # LATIN CAPITAL LETTER C WITH CIRCUMFLEX
010a 010b # LATIN CAPITAL LETTER C WITH DOT ABOVE
010c 010d # LATIN CAPITAL LETTER C WITH CARON
010e 010f # LATIN CAPITAL LETTER D WITH CARON
0110 0111 # LATIN CAPITAL LETTER D WITH STROKE
0112 0113 # LATIN CAPITAL LETTER E WITH MACRON
0114 0115 # LATIN CAPITAL LETTER E WITH BREVE
0116 0117 # LATIN CAPITAL LETTER E WITH DOT ABOVE
0118 0119 # LATIN CAPITAL LETTER E WITH OGONEK
011a 011b # LATIN CAPITAL LETTER E WITH CARON
011c 011d # LATIN CAPITAL LETTER G WITH CIRCUMFLEX
011e 011f # LATIN CAPITAL LETTER G WITH BREVE
0120 0121 # LATIN CAPITAL LETTER G WITH DOT ABOVE
0122 0123 # LATIN CAPITAL LETTER G WITH CEDILLA
0124 0125 # LATIN CAPITAL LETTER H WITH CIRCUMFLEX
0126 0127 # LATIN CAPITAL LETTER H WITH STROKE
0128 0129 # LATIN CAPITAL LETTER I WITH TILDE
012a 012b # LATIN CAPITAL LETTER I WITH MACRON
012c 012d # LATIN CAPITAL LETTER I WITH BREVE
012e 012f # LATIN CAPITAL LETTER I WITH OGONEK
0132 0133 # LATIN CAPITAL LIGATURE IJ

0133 "ij" # LATIN SMALL LIGATURE IJ

0134 0135 # LATIN CAPITAL LETTER J WITH CIRCUMFLEX
0136 0137 # LATIN CAPITAL LETTER K WITH CEDILLA
0139 013a # LATIN CAPITAL LETTER L WITH ACUTE
013b 013c # LATIN CAPITAL LETTER L WITH CEDILLA
013d 013e # LATIN CAPITAL LETTER L WITH CARON
013f 0140 # LATIN CAPITAL LETTER L WITH MIDDLE DOT
0141 0142 # LATIN CAPITAL LETTER L WITH STROKE
0143 0144 # LATIN CAPITAL LETTER N WITH ACUTE
0145 0146 # LATIN CAPITAL LETTER N WITH CEDILLA
0147 0148 # LATIN CAPITAL LETTER N WITH CARON
014a 014b # LATIN CAPITAL LETTER ENG (Lappish)
014c 014d # LATIN CAPITAL LETTER O WITH MACRON
014e 014f # LATIN CAPITAL LETTER O WITH BREVE
0150 0151 # LATIN CAPITAL LETTER O WITH DOUBLE ACUTE
0152 0153 # LATIN CAPITAL LIGATURE OE

0153 "oe" # LATIN SMALL LIGATURE OE

0154 0155 # LATIN CAPITAL LETTER R WITH ACUTE
0156 0157 # LATIN CAPITAL LETTER R WITH CEDILLA
0158 0159 # LATIN CAPITAL LETTER R WITH CARON
015a 015b # LATIN CAPITAL LETTER S WITH ACUTE
015c 015d # LATIN CAPITAL LETTER S WITH CIRCUMFLEX
015e 015f # LATIN CAPITAL LETTER S WITH CEDILLA
0160 0161 # LATIN CAPITAL LETTER S WITH CARON
0162 0163 # LATIN CAPITAL LETTER T WITH CEDILLA
0164 0165 # LATIN CAPITAL LETTER T WITH CARON
0166 0167 # LATIN CAPITAL LETTER T WITH STROKE
0168 0169 # LATIN CAPITAL LETTER U WITH TILDE
016a 016b # LATIN CAPITAL LETTER U WITH MACRON
016c 016d # LATIN CAPITAL LETTER U WITH BREVE
016e 016f # LATIN CAPITAL LETTER U WITH RING ABOVE
0170 0171 # LATIN CAPITAL LETTER U WITH DOUBLE ACUTE
0172 0173 # LATIN CAPITAL LETTER U WITH OGONEK
0174 0175 # LATIN CAPITAL LETTER W WITH CIRCUMFLEX
0176 0177 # LATIN CAPITAL LETTER Y WITH CIRCUMFLEX
0178 00ff # LATIN CAPITAL LETTER Y WITH DIAERESIS
0179 017a # LATIN CAPITAL LETTER Z WITH ACUTE
017b 017c # LATIN CAPITAL LETTER Z WITH DOT ABOVE
017d 017e # LATIN CAPITAL LETTER Z WITH CARON
0181 0253 # LATIN CAPITAL LETTER B WITH HOOK
0182 0183 # LATIN CAPITAL LETTER B WITH TOPBAR
0184 0185 # LATIN CAPITAL LETTER TONE SIX
0186 0254 # LATIN CAPITAL LETTER OPEN O
0187 0188 # LATIN CAPITAL LETTER C WITH HOOK
018a 0257 # LATIN CAPITAL LETTER D WITH HOOK
018b 018c # LATIN CAPITAL LETTER D WITH TOPBAR
018e 0258 # LATIN CAPITAL LETTER REVERSED E
018f 0259 # LATIN CAPITAL LETTER SCHWA
0190 025b # LATIN CAPITAL LETTER OPEN E
0191 0192 # LATIN CAPITAL LETTER F WITH HOOK
0193 0260 # LATIN CAPITAL LETTER G WITH HOOK
0194 0263 # LATIN CAPITAL LETTER GAMMA
0196 0269 # LATIN CAPITAL LETTER IOTA
0197 0268 # LATIN CAPITAL LETTER I WITH STROKE
0198 0199 # LATIN CAPITAL LETTER K WITH HOOK
019c 026f # LATIN CAPITAL LETTER TURNED M
019d 0272 # LATIN CAPITAL LETTER N WITH LEFT HOOK
01a0 01a1 # LATIN CAPITAL LETTER O WITH HORN
01a2 01a3 # LATIN CAPITAL LETTER OI
01a4 01a5 # LATIN CAPITAL LETTER P WITH HOOK
01a7 01a8 # LATIN CAPITAL LETTER TONE TWO
01a9 0283 # LATIN CAPITAL LETTER ESH
01ac 01ad # LATIN CAPITAL LETTER T WITH HOOK
01ae 0288 # LATIN CAPITAL LETTER T WITH RETROFLEX HOOK
01af 01b0 # LATIN CAPITAL LETTER U WITH HORN
01b1 028a # LATIN CAPITAL LETTER UPSILON
01b2 028b # LATIN CAPITAL LETTER V WITH HOOK
01b3 01b4 # LATIN CAPITAL LETTER Y WITH HOOK
01b5 01b6 # LATIN CAPITAL LETTER Z WITH STROKE
01b7 0292 # LATIN CAPITAL LETTER EZH
01b8 01b9 # LATIN CAPITAL LETTER EZH REVERSED
01bc 01bd # LATIN CAPITAL LETTER TONE FIVE
01c4 01c6 # LATIN CAPITAL LETTER DZ WITH CARON
01c5 01c6 # LATIN CAPITAL LETTER D WITH SMALL LETTER Z WITH CARON
01c7 01c9 # LATIN CAPITAL LETTER LJ
01c8 01c9 # LATIN CAPITAL LETTER L WITH SMALL LETTER J
01ca 01cc # LATIN CAPITAL LETTER NJ
01cb 01cc # LATIN CAPITAL LETTER N WITH SMALL LETTER J
01cd 01ce # LATIN CAPITAL LETTER A WITH CARON
01cf 01d0 # LATIN CAPITAL LETTER I WITH CARON
01d1 01d2 # LATIN CAPITAL LETTER O WITH CARON
01d3 01d4 # LATIN CAPITAL LETTER U WITH CARON
01d5 01d6 # LATIN CAPITAL LETTER U WITH DIAERESIS AND MACRON
01d7 01d8 # LATIN CAPITAL LETTER U WITH DIAERESIS AND ACUTE
01d9 01da # LATIN CAPITAL LETTER U WITH DIAERESIS AND CARON
01db 01dc # LATIN CAPITAL LETTER U WITH DIAERESIS AND GRAVE
01de 01df # LATIN CAPITAL LETTER A WITH DIAERESIS AND MACRON
01e0 01e1 # LATIN CAPITAL LETTER A WITH DOT ABOVE AND MACRON
01e2 01e3 # LATIN CAPITAL LIGATURE AE WITH MACRON
01e4 01e5 # LATIN CAPITAL LETTER G WITH STROKE
01e6 01e7 # LATIN CAPITAL LETTER G WITH CARON
01e8 01e9 # LATIN CAPITAL LETTER K WITH CARON
01ea 01eb # LATIN CAPITAL LETTER O WITH OGONEK
01ec 01ed # LATIN CAPITAL LETTER O WITH OGONEK AND MACRON
01ee 01ef # LATIN CAPITAL LETTER EZH WITH CARON
01f1 01f3 # LATIN CAPITAL LETTER DZ
01f2 01f3 # LATIN CAPITAL LETTER D WITH SMALL LETTER Z
01f4 01f5 # LATIN CAPITAL LETTER G WITH ACUTE
01fa 01fb # LATIN CAPITAL LETTER A WITH RING ABOVE AND ACUTE
01fc 01fd # LATIN CAPITAL LIGATURE AE WITH ACUTE
01fe 01ff # LATIN CAPITAL LETTER O WITH STROKE AND ACUTE

0200 0201 # LATIN CAPITAL LETTER A WITH DOUBLE GRAVE
0202 0203 # LATIN CAPITAL LETTER A WITH INVERTED BREVE
0204 0205 # LATIN CAPITAL LETTER E WITH DOUBLE GRAVE
0206 0207 # LATIN CAPITAL LETTER E WITH INVERTED BREVE
0208 0209 # LATIN CAPITAL LETTER I WITH DOUBLE GRAVE
020a 020b # LATIN CAPITAL LETTER I WITH INVERTED BREVE
020c 020d # LATIN CAPITAL LETTER O WITH DOUBLE GRAVE
020e 020f # LATIN CAPITAL LETTER O WITH INVERTED BREVE
0210 0211 # LATIN CAPITAL LETTER R WITH DOUBLE GRAVE
0212 0213 # LATIN CAPITAL LETTER R WITH INVERTED BREVE
0214 0215 # LATIN CAPITAL LETTER U WITH DOUBLE GRAVE
0216 0217 # LATIN CAPITAL LETTER U WITH INVERTED BREVE

0386 03ac # GREEK CAPITAL LETTER ALPHA WITH TONOS
0388 03ad # GREEK CAPITAL LETTER EPSILON WITH TONOS
0389 03ae # GREEK CAPITAL LETTER ETA WITH TONOS
038a 03af # GREEK CAPITAL LETTER IOTA WITH TONOS
038c 03cc # GREEK CAPITAL LETTER OMICRON WITH TONOS
038e 03cd # GREEK CAPITAL LETTER UPSILON WITH TONOS
038f 03ce # GREEK CAPITAL LETTER OMEGA WITH TONOS
0391 03b1 # GREEK CAPITAL LETTER ALPHA
0392 03b2 # GREEK CAPITAL LETTER BETA
0393 03b3 # GREEK CAPITAL LETTER GAMMA
0394 03b4 # GREEK CAPITAL LETTER DELTA
0395 03b5 # GREEK CAPITAL LETTER EPSILON
0396 03b6 # GREEK CAPITAL LETTER ZETA
0397 03b7 # GREEK CAPITAL LETTER ETA
0398 03b8 # GREEK CAPITAL LETTER THETA
0399 03b9 # GREEK CAPITAL LETTER IOTA
039a 03ba # GREEK CAPITAL LETTER KAPPA
039b 03bb # GREEK CAPITAL LETTER LAMDA
039c 03bc # GREEK CAPITAL LETTER MU
039d 03bd # GREEK CAPITAL LETTER NU
039e 03be # GREEK CAPITAL LETTER XI
039f 03bf # GREEK CAPITAL LETTER OMICRON
03a0 03c0 # GREEK CAPITAL LETTER PI
03a1 03c1 # GREEK CAPITAL LETTER RHO
03a3 03c3 # GREEK CAPITAL LETTER SIGMA
03a4 03c4 # GREEK CAPITAL LETTER TAU
03a5 03c5 # GREEK CAPITAL LETTER UPSILON
03a6 03c6 # GREEK CAPITAL LETTER PHI
03a7 03c7 # GREEK CAPITAL LETTER CHI
03a8 03c8 # GREEK CAPITAL LETTER PSI
03a9 03c9 # GREEK CAPITAL LETTER OMEGA
03aa 03ca # GREEK CAPITAL LETTER IOTA WITH DIALYTIKA
03ab 03cb # GREEK CAPITAL LETTER UPSILON WITH DIALYTIKA
03da 03db # GREEK LETTER STIGMA
03dc 03dd # GREEK LETTER DIGAMMA
03de 03df # GREEK LETTER KOPPA
03e0 03e1 # GREEK LETTER SAMPI
03e2 03e3 # COPTIC CAPITAL LETTER SHEI
03e4 03e5 # COPTIC CAPITAL LETTER FEI
03e6 03e7 # COPTIC CAPITAL LETTER KHEI
03e8 03e9 # COPTIC CAPITAL LETTER HORI
03ea 03eb # COPTIC CAPITAL LETTER GANGIA
03ec 03ed # COPTIC CAPITAL LETTER SHIMA
03ee 03ef # COPTIC CAPITAL LETTER DEI

0401 0451 # CYRILLIC CAPITAL LETTER IO
0402 0452 # CYRILLIC CAPITAL LETTER DJE (Serbocroatian)
0403 0453 # CYRILLIC CAPITAL LETTER GJE (Macedonian)
0404 0454 # CYRILLIC CAPITAL LETTER UKRAINIAN IE
0405 0455 # CYRILLIC CAPITAL LETTER DZE (Macedonian)
0406 0456 # CYRILLIC CAPITAL LETTER BYELORUSSIAN-UKRAINIAN I
0407 0457 # CYRILLIC CAPITAL LETTER YI (Ukrainian)
0408 0458 # CYRILLIC CAPITAL LETTER JE
0409 0459 # CYRILLIC CAPITAL LETTER LJE
040a 045a # CYRILLIC CAPITAL LETTER NJE
040b 045b # CYRILLIC CAPITAL LETTER TSHE (Serbocroatian)
040c 045c # CYRILLIC CAPITAL LETTER KJE (Macedonian)
040e 045e # CYRILLIC CAPITAL LETTER SHORT U (Byelorussian)
040f 045f # CYRILLIC CAPITAL LETTER DZHE
0410 0430 # CYRILLIC CAPITAL LETTER A
0411 0431 # CYRILLIC CAPITAL LETTER BE
0412 0432 # CYRILLIC CAPITAL LETTER VE
0413 0433 # CYRILLIC CAPITAL LETTER GHE
0414 0434 # CYRILLIC CAPITAL LETTER DE
0415 0435 # CYRILLIC CAPITAL LETTER IE
0416 0436 # CYRILLIC CAPITAL LETTER ZHE
0417 0437 # CYRILLIC CAPITAL LETTER ZE
0418 0438 # CYRILLIC CAPITAL LETTER I
0419 0439 # CYRILLIC CAPITAL LETTER SHORT I
041a 043a # CYRILLIC CAPITAL LETTER KA
041b 043b # CYRILLIC CAPITAL LETTER EL
041c 043c # CYRILLIC CAPITAL LETTER EM
041d 043d # CYRILLIC CAPITAL LETTER EN
041e 043e # CYRILLIC CAPITAL LETTER O
041f 043f # CYRILLIC CAPITAL LETTER PE
0420 0440 # CYRILLIC CAPITAL LETTER ER
0421 0441 # CYRILLIC CAPITAL LETTER ES
0422 0442 # CYRILLIC CAPITAL LETTER TE
0423 0443 # CYRILLIC CAPITAL LETTER U
0424 0444 # CYRILLIC CAPITAL LETTER EF
0425 0445 # CYRILLIC CAPITAL LETTER HA
0426 0446 # CYRILLIC CAPITAL LETTER TSE
0427 0447 # CYRILLIC CAPITAL LETTER CHE
0428 0448 # CYRILLIC CAPITAL LETTER SHA
0429 0449 # CYRILLIC CAPITAL LETTER SHCHA
042a 044a # CYRILLIC CAPITAL LETTER HARD SIGN
042b 044b # CYRILLIC CAPITAL LETTER YERU
042c 044c # CYRILLIC CAPITAL LETTER SOFT SIGN
042d 044d # CYRILLIC CAPITAL LETTER E
042e 044e # CYRILLIC CAPITAL LETTER YU
042f 044f # CYRILLIC CAPITAL LETTER YA
0460 0461 # CYRILLIC CAPITAL LETTER OMEGA
0462 0463 # CYRILLIC CAPITAL LETTER YAT
0464 0465 # CYRILLIC CAPITAL LETTER IOTIFIED E
0466 0467 # CYRILLIC CAPITAL LETTER LITTLE YUS
0468 0469 # CYRILLIC CAPITAL LETTER IOTIFIED LITTLE YUS
046a 046b # CYRILLIC CAPITAL LETTER BIG YUS
046c 046d # CYRILLIC CAPITAL LETTER IOTIFIED BIG YUS
046e 046f # CYRILLIC CAPITAL LETTER KSI
0470 0471 # CYRILLIC CAPITAL LETTER PSI
0472 0473 # CYRILLIC CAPITAL LETTER FITA
0474 0475 # CYRILLIC CAPITAL LETTER IZHITSA
0476 0477 # CYRILLIC CAPITAL LETTER IZHITSA WITH DOUBLE GRAVE ACCENT
0478 0479 # CYRILLIC CAPITAL LETTER UK
047a 047b # CYRILLIC CAPITAL LETTER ROUND OMEGA
047c 047d # CYRILLIC CAPITAL LETTER OMEGA WITH TITLO
047e 047f # CYRILLIC CAPITAL LETTER OT
0480 0481 # CYRILLIC CAPITAL LETTER KOPPA
0490 0491 # CYRILLIC CAPITAL LETTER GHE WITH UPTURN
0492 0493 # CYRILLIC CAPITAL LETTER GHE WITH STROKE
0494 0495 # CYRILLIC CAPITAL LETTER GHE WITH MIDDLE HOOK
0496 0497 # CYRILLIC CAPITAL LETTER ZHE WITH DESCENDER
0498 0499 # CYRILLIC CAPITAL LETTER ZE WITH DESCENDER
049a 049b # CYRILLIC CAPITAL LETTER KA WITH DESCENDER
049c 049d # CYRILLIC CAPITAL LETTER KA WITH VERTICAL STROKE
049e 049f # CYRILLIC CAPITAL LETTER KA WITH STROKE
04a0 04a1 # CYRILLIC CAPITAL LETTER BASHKIR KA
04a2 04a3 # CYRILLIC CAPITAL LETTER EN WITH DESCENDER
04a4 04a5 # CYRILLIC CAPITAL LIGATURE EN GHE
04a6 04a7 # CYRILLIC CAPITAL LETTER PE WITH MIDDLE HOOK
04a8 04a9 # CYRILLIC CAPITAL LETTER ABKHASIAN HA
04aa 04ab # CYRILLIC CAPITAL LETTER ES WITH DESCENDER
04ac 04ad # CYRILLIC CAPITAL LETTER TE WITH DESCENDER
04ae 04af # CYRILLIC CAPITAL LETTER STRAIGHT U
04b0 04b1 # CYRILLIC CAPITAL LETTER STRAIGHT U WITH STROKE
04b2 04b3 # CYRILLIC CAPITAL LETTER HA WITH DESCENDER
04b4 04b5 # CYRILLIC CAPITAL LIGATURE TE TSE
04b6 04b7 # CYRILLIC CAPITAL LETTER CHE WITH DESCENDER
04b8 04b9 # CYRILLIC CAPITAL LETTER CHE WITH VERTICAL STROKE
04ba 04bb # CYRILLIC CAPITAL LETTER SHHA
04bc 04bd # CYRILLIC CAPITAL LETTER ABKHASIAN CHE
04be 04bf # CYRILLIC CAPITAL LETTER ABKHASIAN CHE WITH DESCENDER
04c1 04c2 # CYRILLIC CAPITAL LETTER ZHE WITH BREVE
04c3 04c4 # CYRILLIC CAPITAL LETTER KA WITH HOOK
04c7 04c8 # CYRILLIC CAPITAL LETTER EN WITH HOOK
04cb 04cc # CYRILLIC CAPITAL LETTER KHAKASSIAN CHE
04d0 04d1 # CYRILLIC CAPITAL LETTER A WITH BREVE
04d2 04d3 # CYRILLIC CAPITAL LETTER A WITH DIAERESIS
04d4 04d5 # CYRILLIC CAPITAL LIGATURE A IE
04d6 04d7 # CYRILLIC CAPITAL LETTER IE WITH BREVE
04d8 04d9 # CYRILLIC CAPITAL LETTER SCHWA
04da 04db # CYRILLIC CAPITAL LETTER SCHWA WITH DIAERESIS
04dc 04dd # CYRILLIC CAPITAL LETTER ZHE WITH DIAERESIS
04de 04df # CYRILLIC CAPITAL LETTER ZE WITH DIAERESIS
04e0 04e1 # CYRILLIC CAPITAL LETTER ABKHASIAN DZE
04e2 04e3 # CYRILLIC CAPITAL LETTER I WITH MACRON
04e4 04e5 # CYRILLIC CAPITAL LETTER I WITH DIAERESIS
04e6 04e7 # CYRILLIC CAPITAL LETTER O WITH DIAERESIS
04e8 04e9 # CYRILLIC CAPITAL LETTER BARRED O
04ea 04eb # CYRILLIC CAPITAL LETTER BARRED O WITH DIAERESIS
04ee 04ef # CYRILLIC CAPITAL LETTER U WITH MACRON
04f0 04f1 # CYRILLIC CAPITAL LETTER U WITH DIAERESIS
04f2 04f3 # CYRILLIC CAPITAL LETTER U WITH DOUBLE ACUTE
04f4 04f5 # CYRILLIC CAPITAL LETTER CHE WITH DIAERESIS
04f8 04f9 # CYRILLIC CAPITAL LETTER YERU WITH DIAERESIS

0531 0561 # ARMENIAN CAPITAL LETTER AYB
0532 0562 # ARMENIAN CAPITAL LETTER BEN
0533 0563 # ARMENIAN CAPITAL LETTER GIM
0534 0564 # ARMENIAN CAPITAL LETTER DA
0535 0565 # ARMENIAN CAPITAL LETTER ECH
0536 0566 # ARMENIAN CAPITAL LETTER ZA
0537 0567 # ARMENIAN CAPITAL LETTER EH
0538 0568 # ARMENIAN CAPITAL LETTER ET
0539 0569 # ARMENIAN CAPITAL LETTER TO
053a 056a # ARMENIAN CAPITAL LETTER ZHE
053b 056b # ARMENIAN CAPITAL LETTER INI
053c 056c # ARMENIAN CAPITAL LETTER LIWN
053d 056d # ARMENIAN CAPITAL LETTER XEH
053e 056e # ARMENIAN CAPITAL LETTER CA
053f 056f # ARMENIAN CAPITAL LETTER KEN
0540 0570 # ARMENIAN CAPITAL LETTER HO
0541 0571 # ARMENIAN CAPITAL LETTER JA
0542 0572 # ARMENIAN CAPITAL LETTER GHAD
0543 0573 # ARMENIAN CAPITAL LETTER CHEH
0544 0574 # ARMENIAN CAPITAL LETTER MEN
0545 0575 # ARMENIAN CAPITAL LETTER YI
0546 0576 # ARMENIAN CAPITAL LETTER NOW
0547 0577 # ARMENIAN CAPITAL LETTER SHA
0548 0578 # ARMENIAN CAPITAL LETTER VO
0549 0579 # ARMENIAN CAPITAL LETTER CHA
054a 057a # ARMENIAN CAPITAL LETTER PEH
054b 057b # ARMENIAN CAPITAL LETTER JHEH
054c 057c # ARMENIAN CAPITAL LETTER RA
054d 057d # ARMENIAN CAPITAL LETTER SEH
054e 057e # ARMENIAN CAPITAL LETTER VEW
054f 057f # ARMENIAN CAPITAL LETTER TIWN
0550 0580 # ARMENIAN CAPITAL LETTER REH
0551 0581 # ARMENIAN CAPITAL LETTER CO
0552 0582 # ARMENIAN CAPITAL LETTER YIWN
0553 0583 # ARMENIAN CAPITAL LETTER PIWR
0554 0584 # ARMENIAN CAPITAL LETTER KEH
0555 0585 # ARMENIAN CAPITAL LETTER OH
0556 0586 # ARMENIAN CAPITAL LETTER FEH

# Arabic digits

0660 "0" # ARABIC-INDIC DIGIT ZERO
0661 "1" # ARABIC-INDIC DIGIT ONE
0662 "2" # ARABIC-INDIC DIGIT TWO
0663 "3" # ARABIC-INDIC DIGIT THREE
0664 "4" # ARABIC-INDIC DIGIT FOUR
0665 "5" # ARABIC-INDIC DIGIT FIVE
0666 "6" # ARABIC-INDIC DIGIT SIX
0667 "7" # ARABIC-INDIC DIGIT SEVEN
0668 "8" # ARABIC-INDIC DIGIT EIGHT
0669 "9" # ARABIC-INDIC DIGIT NINE

10a0 10d0 # GEORGIAN CAPITAL LETTER AN
10a1 10d1 # GEORGIAN CAPITAL LETTER BAN
10a2 10d2 # GEORGIAN CAPITAL LETTER GAN
10a3 10d3 # GEORGIAN CAPITAL LETTER DON
10a4 10d4 # GEORGIAN CAPITAL LETTER EN
10a5 10d5 # GEORGIAN CAPITAL LETTER VIN
10a6 10d6 # GEORGIAN CAPITAL LETTER ZEN
10a7 10d7 # GEORGIAN CAPITAL LETTER TAN
10a8 10d8 # GEORGIAN CAPITAL LETTER IN
10a9 10d9 # GEORGIAN CAPITAL LETTER KAN
10aa 10da # GEORGIAN CAPITAL LETTER LAS
10ab 10db # GEORGIAN CAPITAL LETTER MAN
10ac 10dc # GEORGIAN CAPITAL LETTER NAR
10ad 10dd # GEORGIAN CAPITAL LETTER ON
10ae 10de # GEORGIAN CAPITAL LETTER PAR
10af 10df # GEORGIAN CAPITAL LETTER ZHAR
10b0 10e0 # GEORGIAN CAPITAL LETTER RAE
10b1 10e1 # GEORGIAN CAPITAL LETTER SAN
10b2 10e2 # GEORGIAN CAPITAL LETTER TAR
10b3 10e3 # GEORGIAN CAPITAL LETTER UN
10b4 10e4 # GEORGIAN CAPITAL LETTER PHAR
10b5 10e5 # GEORGIAN CAPITAL LETTER KHAR
10b6 10e6 # GEORGIAN CAPITAL LETTER GHAN
10b7 10e7 # GEORGIAN CAPITAL LETTER QAR
10b8 10e8 # GEORGIAN CAPITAL LETTER SHIN
10b9 10e9 # GEORGIAN CAPITAL LETTER CHIN
10ba 10ea # GEORGIAN CAPITAL LETTER CAN
10bb 10eb # GEORGIAN CAPITAL LETTER JIL
10bc 10ec # GEORGIAN CAPITAL LETTER CIL
10bd 10ed # GEORGIAN CAPITAL LETTER CHAR
10be 10ee # GEORGIAN CAPITAL LETTER XAN
10bf 10ef # GEORGIAN CAPITAL LETTER JHAN
10c0 10f0 # GEORGIAN CAPITAL LETTER HAE
10c1 10f1 # GEORGIAN CAPITAL LETTER HE
10c2 10f2 # GEORGIAN CAPITAL LETTER HIE
10c3 10f3 # GEORGIAN CAPITAL LETTER WE
10c4 10f4 # GEORGIAN CAPITAL LETTER HAR
10c5 10f5 # GEORGIAN CAPITAL LETTER HOE

1e00 1e01 # LATIN CAPITAL LETTER A WITH RING BELOW
1e02 1e03 # LATIN CAPITAL LETTER B WITH DOT ABOVE
1e04 1e05 # LATIN CAPITAL LETTER B WITH DOT BELOW
1e06 1e07 # LATIN CAPITAL LETTER B WITH LINE BELOW
1e08 1e09 # LATIN CAPITAL LETTER C WITH CEDILLA AND ACUTE
1e0a 1e0b # LATIN CAPITAL LETTER D WITH DOT ABOVE
1e0c 1e0d # LATIN CAPITAL LETTER D WITH DOT BELOW
1e0e 1e0f # LATIN CAPITAL LETTER D WITH LINE BELOW
1e10 1e11 # LATIN CAPITAL LETTER D WITH CEDILLA
1e12 1e13 # LATIN CAPITAL LETTER D WITH CIRCUMFLEX BELOW
1e14 1e15 # LATIN CAPITAL LETTER E WITH MACRON AND GRAVE
1e16 1e17 # LATIN CAPITAL LETTER E WITH MACRON AND ACUTE
1e18 1e19 # LATIN CAPITAL LETTER E WITH CIRCUMFLEX BELOW
1e1a 1e1b # LATIN CAPITAL LETTER E WITH TILDE BELOW
1e1c 1e1d # LATIN CAPITAL LETTER E WITH CEDILLA AND BREVE
1e1e 1e1f # LATIN CAPITAL LETTER F WITH DOT ABOVE
1e20 1e21 # LATIN CAPITAL LETTER G WITH MACRON
1e22 1e23 # LATIN CAPITAL LETTER H WITH DOT ABOVE
1e24 1e25 # LATIN CAPITAL LETTER H WITH DOT BELOW
1e26 1e27 # LATIN CAPITAL LETTER H WITH DIAERESIS
1e28 1e29 # LATIN CAPITAL LETTER H WITH CEDILLA
1e2a 1e2b # LATIN CAPITAL LETTER H WITH BREVE BELOW
1e2c 1e2d # LATIN CAPITAL LETTER I WITH TILDE BELOW
1e2e 1e2f # LATIN CAPITAL LETTER I WITH DIAERESIS AND ACUTE
1e30 1e31 # LATIN CAPITAL LETTER K WITH ACUTE
1e32 1e33 # LATIN CAPITAL LETTER K WITH DOT BELOW
1e34 1e35 # LATIN CAPITAL LETTER K WITH LINE BELOW
1e36 1e37 # LATIN CAPITAL LETTER L WITH DOT BELOW
1e38 1e39 # LATIN CAPITAL LETTER L WITH DOT BELOW AND MACRON
1e3a 1e3b # LATIN CAPITAL LETTER L WITH LINE BELOW
1e3c 1e3d # LATIN CAPITAL LETTER L WITH CIRCUMFLEX BELOW
1e3e 1e3f # LATIN CAPITAL LETTER M WITH ACUTE
1e40 1e41 # LATIN CAPITAL LETTER M WITH DOT ABOVE
1e42 1e43 # LATIN CAPITAL LETTER M WITH DOT BELOW
1e44 1e45 # LATIN CAPITAL LETTER N WITH DOT ABOVE
1e46 1e47 # LATIN CAPITAL LETTER N WITH DOT BELOW
1e48 1e49 # LATIN CAPITAL LETTER N WITH LINE BELOW
1e4a 1e4b # LATIN CAPITAL LETTER N WITH CIRCUMFLEX BELOW
1e4c 1e4d # LATIN CAPITAL LETTER O WITH TILDE AND ACUTE
1e4e 1e4f # LATIN CAPITAL LETTER O WITH TILDE AND DIAERESIS
1e50 1e51 # LATIN CAPITAL LETTER O WITH MACRON AND GRAVE
1e52 1e53 # LATIN CAPITAL LETTER O WITH MACRON AND ACUTE
1e54 1e55 # LATIN CAPITAL LETTER P WITH ACUTE
1e56 1e57 # LATIN CAPITAL LETTER P WITH DOT ABOVE
1e58 1e59 # LATIN CAPITAL LETTER R WITH DOT ABOVE
1e5a 1e5b # LATIN CAPITAL LETTER R WITH DOT BELOW
1e5c 1e5d # LATIN CAPITAL LETTER R WITH DOT BELOW AND MACRON
1e5e 1e5f # LATIN CAPITAL LETTER R WITH LINE BELOW
1e60 1e61 # LATIN CAPITAL LETTER S WITH DOT ABOVE
1e62 1e63 # LATIN CAPITAL LETTER S WITH DOT BELOW
1e64 1e65 # LATIN CAPITAL LETTER S WITH ACUTE AND DOT ABOVE
1e66 1e67 # LATIN CAPITAL LETTER S WITH CARON AND DOT ABOVE
1e68 1e69 # LATIN CAPITAL LETTER S WITH DOT BELOW AND DOT ABOVE
1e6a 1e6b # LATIN CAPITAL LETTER T WITH DOT ABOVE
1e6c 1e6d # LATIN CAPITAL LETTER T WITH DOT BELOW
1e6e 1e6f # LATIN CAPITAL LETTER T WITH LINE BELOW
1e70 1e71 # LATIN CAPITAL LETTER T WITH CIRCUMFLEX BELOW
1e72 1e73 # LATIN CAPITAL LETTER U WITH DIAERESIS BELOW
1e74 1e75 # LATIN CAPITAL LETTER U WITH TILDE BELOW
1e76 1e77 # LATIN CAPITAL LETTER U WITH CIRCUMFLEX BELOW
1e78 1e79 # LATIN CAPITAL LETTER U WITH TILDE AND ACUTE
1e7a 1e7b # LATIN CAPITAL LETTER U WITH MACRON AND DIAERESIS
1e7c 1e7d # LATIN CAPITAL LETTER V WITH TILDE
1e7e 1e7f # LATIN CAPITAL LETTER V WITH DOT BELOW
1e80 1e81 # LATIN CAPITAL LETTER W WITH GRAVE
1e82 1e83 # LATIN CAPITAL LETTER W WITH ACUTE
1e84 1e85 # LATIN CAPITAL LETTER W WITH DIAERESIS
1e86 1e87 # LATIN CAPITAL LETTER W WITH DOT ABOVE
1e88 1e89 # LATIN CAPITAL LETTER W WITH DOT BELOW
1e8a 1e8b # LATIN CAPITAL LETTER X WITH DOT ABOVE
1e8c 1e8d # LATIN CAPITAL LETTER X WITH DIAERESIS
1e8e 1e8f # LATIN CAPITAL LETTER Y WITH DOT ABOVE
1e90 1e91 # LATIN CAPITAL LETTER Z WITH CIRCUMFLEX
1e92 1e93 # LATIN CAPITAL LETTER Z WITH DOT BELOW
1e94 1e95 # LATIN CAPITAL LETTER Z WITH LINE BELOW
1ea0 1ea1 # LATIN CAPITAL LETTER A WITH DOT BELOW
1ea2 1ea3 # LATIN CAPITAL LETTER A WITH HOOK ABOVE
1ea4 1ea5 # LATIN CAPITAL LETTER A WITH CIRCUMFLEX AND ACUTE
1ea6 1ea7 # LATIN CAPITAL LETTER A WITH CIRCUMFLEX AND GRAVE
1ea8 1ea9 # LATIN CAPITAL LETTER A WITH CIRCUMFLEX AND HOOK ABOVE
1eaa 1eab # LATIN CAPITAL LETTER A WITH CIRCUMFLEX AND TILDE
1eac 1ead # LATIN CAPITAL LETTER A WITH CIRCUMFLEX AND DOT BELOW
1eae 1eaf # LATIN CAPITAL LETTER A WITH BREVE AND ACUTE
1eb0 1eb1 # LATIN CAPITAL LETTER A WITH BREVE AND GRAVE
1eb2 1eb3 # LATIN CAPITAL LETTER A WITH BREVE AND HOOK ABOVE
1eb4 1eb5 # LATIN CAPITAL LETTER A WITH BREVE AND TILDE
1eb6 1eb7 # LATIN CAPITAL LETTER A WITH BREVE AND DOT BELOW
1eb8 1eb9 # LATIN CAPITAL LETTER E WITH DOT BELOW
1eba 1ebb # LATIN CAPITAL LETTER E WITH HOOK ABOVE
1ebc 1ebd # LATIN CAPITAL LETTER E WITH TILDE
1ebe 1ebf # LATIN CAPITAL LETTER E WITH CIRCUMFLEX AND ACUTE
1ec0 1ec1 # LATIN CAPITAL LETTER E WITH CIRCUMFLEX AND GRAVE
1ec2 1ec3 # LATIN CAPITAL LETTER E WITH CIRCUMFLEX AND HOOK ABOVE
1ec4 1ec5 # LATIN CAPITAL LETTER E WITH CIRCUMFLEX AND TILDE
1ec6 1ec7 # LATIN CAPITAL LETTER E WITH CIRCUMFLEX AND DOT BELOW
1ec8 1ec9 # LATIN CAPITAL LETTER I WITH HOOK ABOVE
1eca 1ecb # LATIN CAPITAL LETTER I WITH DOT BELOW
1ecc 1ecd # LATIN CAPITAL LETTER O WITH DOT BELOW
1ece 1ecf # LATIN CAPITAL LETTER O WITH HOOK ABOVE
1ed0 1ed1 # LATIN CAPITAL LETTER O WITH CIRCUMFLEX AND ACUTE
1ed2 1ed3 # LATIN CAPITAL LETTER O WITH CIRCUMFLEX AND GRAVE
1ed4 1ed5 # LATIN CAPITAL LETTER O WITH CIRCUMFLEX AND HOOK ABOVE
1ed6 1ed7 # LATIN CAPITAL LETTER O WITH CIRCUMFLEX AND TILDE
1ed8 1ed9 # LATIN CAPITAL LETTER O WITH CIRCUMFLEX AND DOT BELOW
1eda 1edb # LATIN CAPITAL LETTER O WITH HORN AND ACUTE
1edc 1edd # LATIN CAPITAL LETTER O WITH HORN AND GRAVE
1ede 1edf # LATIN CAPITAL LETTER O WITH HORN AND HOOK ABOVE
1ee0 1ee1 # LATIN CAPITAL LETTER O WITH HORN AND TILDE
1ee2 1ee3 # LATIN CAPITAL LETTER O WITH HORN AND DOT BELOW
1ee4 1ee5 # LATIN CAPITAL LETTER U WITH DOT BELOW
1ee6 1ee7 # LATIN CAPITAL LETTER U WITH HOOK ABOVE
1ee8 1ee9 # LATIN CAPITAL LETTER U WITH HORN AND ACUTE
1eea 1eeb # LATIN CAPITAL LETTER U WITH HORN AND GRAVE
1eec 1eed # LATIN CAPITAL LETTER U WITH HORN AND HOOK ABOVE
1eee 1eef # LATIN CAPITAL LETTER U WITH HORN AND TILDE
1ef0 1ef1 # LATIN CAPITAL LETTER U WITH HORN AND DOT BELOW
1ef2 1ef3 # LATIN CAPITAL LETTER Y WITH GRAVE
1ef4 1ef5 # LATIN CAPITAL LETTER Y WITH DOT BELOW
1ef6 1ef7 # LATIN CAPITAL LETTER Y WITH HOOK ABOVE
1ef8 1ef9 # LATIN CAPITAL LETTER Y WITH TILDE

1f08 1f00 # GREEK CAPITAL LETTER ALPHA WITH PSILI
1f09 1f01 # GREEK CAPITAL LETTER ALPHA WITH DASIA
1f0a 1f02 # GREEK CAPITAL LETTER ALPHA WITH PSILI AND VARIA
1f0b 1f03 # GREEK CAPITAL LETTER ALPHA WITH DASIA AND VARIA
1f0c 1f04 # GREEK CAPITAL LETTER ALPHA WITH PSILI AND OXIA
1f0d 1f05 # GREEK CAPITAL LETTER ALPHA WITH DASIA AND OXIA
1f0e 1f06 # GREEK CAPITAL LETTER ALPHA WITH PSILI AND PERISPOMENI
1f0f 1f07 # GREEK CAPITAL LETTER ALPHA WITH DASIA AND PERISPOMENI
1f18 1f10 # GREEK CAPITAL LETTER EPSILON WITH PSILI
1f19 1f11 # GREEK CAPITAL LETTER EPSILON WITH DASIA
1f1a 1f12 # GREEK CAPITAL LETTER EPSILON WITH PSILI AND VARIA
1f1b 1f13 # GREEK CAPITAL LETTER EPSILON WITH DASIA AND VARIA
1f1c 1f14 # GREEK CAPITAL LETTER EPSILON WITH PSILI AND OXIA
1f1d 1f15 # GREEK CAPITAL LETTER EPSILON WITH DASIA AND OXIA
1f28 1f20 # GREEK CAPITAL LETTER ETA WITH PSILI
1f29 1f21 # GREEK CAPITAL LETTER ETA WITH DASIA
1f2a 1f22 # GREEK CAPITAL LETTER ETA WITH PSILI AND VARIA
1f2b 1f23 # GREEK CAPITAL LETTER ETA WITH DASIA AND VARIA
1f2c 1f24 # GREEK CAPITAL LETTER ETA WITH PSILI AND OXIA
1f2d 1f25 # GREEK CAPITAL LETTER ETA WITH DASIA AND OXIA
1f2e 1f26 # GREEK CAPITAL LETTER ETA WITH PSILI AND PERISPOMENI
1f2f 1f27 # GREEK CAPITAL LETTER ETA WITH DASIA AND PERISPOMENI
1f38 1f30 # GREEK CAPITAL LETTER IOTA WITH PSILI
1f39 1f31 # GREEK CAPITAL LETTER IOTA WITH DASIA
1f3a 1f32 # GREEK CAPITAL LETTER IOTA WITH PSILI AND VARIA
1f3b 1f33 # GREEK CAPITAL LETTER IOTA WITH DASIA AND VARIA
1f3c 1f34 # GREEK CAPITAL LETTER IOTA WITH PSILI AND OXIA
1f3d 1f35 # GREEK CAPITAL LETTER IOTA WITH DASIA AND OXIA
1f3e 1f36 # GREEK CAPITAL LETTER IOTA WITH PSILI AND PERISPOMENI
1f3f 1f37 # GREEK CAPITAL LETTER IOTA WITH DASIA AND PERISPOMENI
1f48 1f40 # GREEK CAPITAL LETTER OMICRON WITH PSILI
1f49 1f41 # GREEK CAPITAL LETTER OMICRON WITH DASIA
1f4a 1f42 # GREEK CAPITAL LETTER OMICRON WITH PSILI AND VARIA
1f4b 1f43 # GREEK CAPITAL LETTER OMICRON WITH DASIA AND VARIA
1f4c 1f44 # GREEK CAPITAL LETTER OMICRON WITH PSILI AND OXIA
1f4d 1f45 # GREEK CAPITAL LETTER OMICRON WITH DASIA AND OXIA
1f59 1f51 # GREEK CAPITAL LETTER UPSILON WITH DASIA
1f5b 1f53 # GREEK CAPITAL LETTER UPSILON WITH DASIA AND VARIA
1f5d 1f55 # GREEK CAPITAL LETTER UPSILON WITH DASIA AND OXIA
1f5f 1f57 # GREEK CAPITAL LETTER UPSILON WITH DASIA AND PERISPOMENI
1f68 1f60 # GREEK CAPITAL LETTER OMEGA WITH PSILI
1f69 1f61 # GREEK CAPITAL LETTER OMEGA WITH DASIA
1f6a 1f62 # GREEK CAPITAL LETTER OMEGA WITH PSILI AND VARIA
1f6b 1f63 # GREEK CAPITAL LETTER OMEGA WITH DASIA AND VARIA
1f6c 1f64 # GREEK CAPITAL LETTER OMEGA WITH PSILI AND OXIA
1f6d 1f65 # GREEK CAPITAL LETTER OMEGA WITH DASIA AND OXIA
1f6e 1f66 # GREEK CAPITAL LETTER OMEGA WITH PSILI AND PERISPOMENI
1f6f 1f67 # GREEK CAPITAL LETTER OMEGA WITH DASIA AND PERISPOMENI
1f88 1f80 # GREEK CAPITAL LETTER ALPHA WITH PSILI AND PROSGEGRAMMENI
1f89 1f81 # GREEK CAPITAL LETTER ALPHA WITH DASIA AND PROSGEGRAMMENI
1f8a 1f82 # GREEK CAPITAL LETTER ALPHA WITH PSILI AND VARIA AND PROSGEGRAMMENI
1f8b 1f83 # GREEK CAPITAL LETTER ALPHA WITH DASIA AND VARIA AND PROSGEGRAMMENI
1f8c 1f84 # GREEK CAPITAL LETTER ALPHA WITH PSILI AND OXIA AND PROSGEGRAMMENI
1f8d 1f85 # GREEK CAPITAL LETTER ALPHA WITH DASIA AND OXIA AND PROSGEGRAMMENI
1f8e 1f86 # GREEK CAPITAL LETTER ALPHA WITH PSILI AND PERISPOMENI AND PROSGEGRAMMENI
1f8f 1f87 # GREEK CAPITAL LETTER ALPHA WITH DASIA AND PERISPOMENI AND PROSGEGRAMMENI
1f98 1f90 # GREEK CAPITAL LETTER ETA WITH PSILI AND PROSGEGRAMMENI
1f99 1f91 # GREEK CAPITAL LETTER ETA WITH DASIA AND PROSGEGRAMMENI
1f9a 1f92 # GREEK CAPITAL LETTER ETA WITH PSILI AND VARIA AND PROSGEGRAMMENI
1f9b 1f93 # GREEK CAPITAL LETTER ETA WITH DASIA AND VARIA AND PROSGEGRAMMENI
1f9c 1f94 # GREEK CAPITAL LETTER ETA WITH PSILI AND OXIA AND PROSGEGRAMMENI
1f9d 1f95 # GREEK CAPITAL LETTER ETA WITH DASIA AND OXIA AND PROSGEGRAMMENI
1f9e 1f96 # GREEK CAPITAL LETTER ETA WITH PSILI AND PERISPOMENI AND PROSGEGRAMMENI
1f9f 1f97 # GREEK CAPITAL LETTER ETA WITH DASIA AND PERISPOMENI AND PROSGEGRAMMENI
1fa8 1fa0 # GREEK CAPITAL LETTER OMEGA WITH PSILI AND PROSGEGRAMMENI
1fa9 1fa1 # GREEK CAPITAL LETTER OMEGA WITH DASIA AND PROSGEGRAMMENI
1faa 1fa2 # GREEK CAPITAL LETTER OMEGA WITH PSILI AND VARIA AND PROSGEGRAMMENI
1fab 1fa3 # GREEK CAPITAL LETTER OMEGA WITH DASIA AND VARIA AND PROSGEGRAMMENI
1fac 1fa4 # GREEK CAPITAL LETTER OMEGA WITH PSILI AND OXIA AND PROSGEGRAMMENI
1fad 1fa5 # GREEK CAPITAL LETTER OMEGA WITH DASIA AND OXIA AND PROSGEGRAMMENI
1fae 1fa6 # GREEK CAPITAL LETTER OMEGA WITH PSILI AND PERISPOMENI AND PROSGEGRAMMENI
1faf 1fa7 # GREEK CAPITAL LETTER OMEGA WITH DASIA AND PERISPOMENI AND PROSGEGRAMMENI
1fb8 1fb0 # GREEK CAPITAL LETTER ALPHA WITH VRACHY
1fb9 1fb1 # GREEK CAPITAL LETTER ALPHA WITH MACRON
1fba 1f70 # GREEK CAPITAL LETTER ALPHA WITH VARIA
1fbb 1f71 # GREEK CAPITAL LETTER ALPHA WITH OXIA
1fbc 1fb3 # GREEK CAPITAL LETTER ALPHA WITH PROSGEGRAMMENI
1fc8 1f72 # GREEK CAPITAL LETTER EPSILON WITH VARIA
1fc9 1f73 # GREEK CAPITAL LETTER EPSILON WITH OXIA
1fca 1f74 # GREEK CAPITAL LETTER ETA WITH VARIA
1fcb 1f75 # GREEK CAPITAL LETTER ETA WITH OXIA
1fcc 1fc3 # GREEK CAPITAL LETTER ETA WITH PROSGEGRAMMENI
1fd8 1fd0 # GREEK CAPITAL LETTER IOTA WITH VRACHY
1fd9 1fd1 # GREEK CAPITAL LETTER IOTA WITH MACRON
1fda 1f76 # GREEK CAPITAL LETTER IOTA WITH VARIA
1fdb 1f77 # GREEK CAPITAL LETTER IOTA WITH OXIA
1fe8 1fe0 # GREEK CAPITAL LETTER UPSILON WITH VRACHY
1fe9 1fe1 # GREEK CAPITAL LETTER UPSILON WITH MACRON
1fea 1f7a # GREEK CAPITAL LETTER UPSILON WITH VARIA
1feb 1f7b # GREEK CAPITAL LETTER UPSILON WITH OXIA
1fec 1fe5 # GREEK CAPITAL LETTER RHO WITH DASIA
1ff8 1f78 # GREEK CAPITAL LETTER OMICRON WITH VARIA
1ff9 1f79 # GREEK CAPITAL LETTER OMICRON WITH OXIA
1ffa 1f7c # GREEK CAPITAL LETTER OMEGA WITH VARIA
1ffb 1f7d # GREEK CAPITAL LETTER OMEGA WITH OXIA
1ffc 1ff3 # GREEK CAPITAL LETTER OMEGA WITH PROSGEGRAMMENI

2160 2170 # ROMAN NUMERAL ONE
2161 2171 # ROMAN NUMERAL TWO
2162 2172 # ROMAN NUMERAL THREE
2163 2173 # ROMAN NUMERAL FOUR
2164 2174 # ROMAN NUMERAL FIVE
2165 2175 # ROMAN NUMERAL SIX
2166 2176 # ROMAN NUMERAL SEVEN
2167 2177 # ROMAN NUMERAL EIGHT
2168 2178 # ROMAN NUMERAL NINE
2169 2179 # ROMAN NUMERAL TEN
216a 217a # ROMAN NUMERAL ELEVEN
216b 217b # ROMAN NUMERAL TWELVE
216c 217c # ROMAN NUMERAL FIFTY
216d 217d # ROMAN NUMERAL ONE HUNDRED
216e 217e # ROMAN NUMERAL FIVE HUNDRED
216f 217f # ROMAN NUMERAL ONE THOUSAND

# koi8-r hacks

2248 "~" # ALMOST EQUAL TO
2264 "<=" # LESS THAN OR EQUAL TO
2265 ">=" # GREATER THAN OR EQUAL TO

24b6 24d0 # CIRCLED LATIN CAPITAL LETTER A
24b7 24d1 # CIRCLED LATIN CAPITAL LETTER B
24b8 24d2 # CIRCLED LATIN CAPITAL LETTER C
24b9 24d3 # CIRCLED LATIN CAPITAL LETTER D
24ba 24d4 # CIRCLED LATIN CAPITAL LETTER E
24bb 24d5 # CIRCLED LATIN CAPITAL LETTER F
24bc 24d6 # CIRCLED LATIN CAPITAL LETTER G
24bd 24d7 # CIRCLED LATIN CAPITAL LETTER H
24be 24d8 # CIRCLED LATIN CAPITAL LETTER I
24bf 24d9 # CIRCLED LATIN CAPITAL LETTER J
24c0 24da # CIRCLED LATIN CAPITAL LETTER K
24c1 24db # CIRCLED LATIN CAPITAL LETTER L
24c2 24dc # CIRCLED LATIN CAPITAL LETTER M
24c3 24dd # CIRCLED LATIN CAPITAL LETTER N
24c4 24de # CIRCLED LATIN CAPITAL LETTER O
24c5 24df # CIRCLED LATIN CAPITAL LETTER P
24c6 24e0 # CIRCLED LATIN CAPITAL LETTER Q
24c7 24e1 # CIRCLED LATIN CAPITAL LETTER R
24c8 24e2 # CIRCLED LATIN CAPITAL LETTER S
24c9 24e3 # CIRCLED LATIN CAPITAL LETTER T
24ca 24e4 # CIRCLED LATIN CAPITAL LETTER U
24cb 24e5 # CIRCLED LATIN CAPITAL LETTER V
24cc 24e6 # CIRCLED LATIN CAPITAL LETTER W
24cd 24e7 # CIRCLED LATIN CAPITAL LETTER X
24ce 24e8 # CIRCLED LATIN CAPITAL LETTER Y
24cf 24e9 # CIRCLED LATIN CAPITAL LETTER Z

ff21 ff41 # FULLWIDTH LATIN CAPITAL LETTER A
ff22 ff42 # FULLWIDTH LATIN CAPITAL LETTER B
ff23 ff43 # FULLWIDTH LATIN CAPITAL LETTER C
ff24 ff44 # FULLWIDTH LATIN CAPITAL LETTER D
ff25 ff45 # FULLWIDTH LATIN CAPITAL LETTER E
ff26 ff46 # FULLWIDTH LATIN CAPITAL LETTER F
ff27 ff47 # FULLWIDTH LATIN CAPITAL LETTER G
ff28 ff48 # FULLWIDTH LATIN CAPITAL LETTER H
ff29 ff49 # FULLWIDTH LATIN CAPITAL LETTER I
ff2a ff4a # FULLWIDTH LATIN CAPITAL LETTER J
ff2b ff4b # FULLWIDTH LATIN CAPITAL LETTER K
ff2c ff4c # FULLWIDTH LATIN CAPITAL LETTER L
ff2d ff4d # FULLWIDTH LATIN CAPITAL LETTER M
ff2e ff4e # FULLWIDTH LATIN CAPITAL LETTER N
ff2f ff4f # FULLWIDTH LATIN CAPITAL LETTER O
ff30 ff50 # FULLWIDTH LATIN CAPITAL LETTER P
ff31 ff51 # FULLWIDTH LATIN CAPITAL LETTER Q
ff32 ff52 # FULLWIDTH LATIN CAPITAL LETTER R
ff33 ff53 # FULLWIDTH LATIN CAPITAL LETTER S
ff34 ff54 # FULLWIDTH LATIN CAPITAL LETTER T
ff35 ff55 # FULLWIDTH LATIN CAPITAL LETTER U
ff36 ff56 # FULLWIDTH LATIN CAPITAL LETTER V
ff37 ff57 # FULLWIDTH LATIN CAPITAL LETTER W
ff38 ff58 # FULLWIDTH LATIN CAPITAL LETTER X
ff39 ff59 # FULLWIDTH LATIN CAPITAL LETTER Y
ff3a ff5a # FULLWIDTH LATIN CAPITAL LETTER Z

# map halfwidth katakana to fullwidth
#A0 ???? 3000 HALFWIDTH IDOEOGRAPHIC SPACE
FF61 3002 HALFWIDTH IDEOGRAPHIC FULL STOP
FF62 300C HALFWIDTH LEFT CORNER BRACKET
FF63 300D HALFWIDTH RIGHT CORNER BRACKET
FF64 3001 HALFWIDTH IDEOGRAPHIC COMMA
FF65 30FB HALFWIDTH KATAKANA MIDDLE DOT
FF66 30F2 HALFWIDTH KATAKANA LETTER WO
FF67 30A1 HALFWIDTH KATAKANA LETTER SMALL A
FF68 30A3 HALFWIDTH KATAKANA LETTER SMALL I
FF69 30A5 HALFWIDTH KATAKANA LETTER SMALL U
FF6A 30A7 HALFWIDTH KATAKANA LETTER SMALL E
FF6B 30A9 HALFWIDTH KATAKANA LETTER SMALL O
FF6C 30E3 HALFWIDTH KATAKANA LETTER SMALL YA
FF6D 30E5 HALFWIDTH KATAKANA LETTER SMALL YU
FF6E 30E7 HALFWIDTH KATAKANA LETTER SMALL YO
FF6F 30C3 HALFWIDTH KATAKANA LETTER SMALL TU
FF70 30FC HALFWIDTH KATAKANA-HIRAGANA PROLONGED SOUND MARK
FF71 30A2 HALFWIDTH KATAKANA LETTER A
FF72 30A4 HALFWIDTH KATAKANA LETTER I
FF73 30A6 HALFWIDTH KATAKANA LETTER U
FF74 30A8 HALFWIDTH KATAKANA LETTER E
FF75 30AA HALFWIDTH KATAKANA LETTER O
FF76 30AB HALFWIDTH KATAKANA LETTER KA
FF77 30AD HALFWIDTH KATAKANA LETTER KI
FF78 30AF HALFWIDTH KATAKANA LETTER KU
FF79 30B1 HALFWIDTH KATAKANA LETTER KE
FF7A 30B3 HALFWIDTH KATAKANA LETTER KO
FF7B 30B5 HALFWIDTH KATAKANA LETTER SA
FF7C 30B7 HALFWIDTH KATAKANA LETTER SI
FF7D 30B9 HALFWIDTH KATAKANA LETTER SU
FF7E 30BB HALFWIDTH KATAKANA LETTER SE
FF7F 30BD HALFWIDTH KATAKANA LETTER SO
FF80 30BF HALFWIDTH KATAKANA LETTER TA
FF81 30C1 HALFWIDTH KATAKANA LETTER TI
FF82 30C4 HALFWIDTH KATAKANA LETTER TU
FF83 30C6 HALFWIDTH KATAKANA LETTER TE
FF84 30C8 HALFWIDTH KATAKANA LETTER TO
FF85 30CA HALFWIDTH KATAKANA LETTER NA
FF86 30CB HALFWIDTH KATAKANA LETTER NI
FF87 30CC HALFWIDTH KATAKANA LETTER NU
FF88 30CD HALFWIDTH KATAKANA LETTER NE
FF89 30CE HALFWIDTH KATAKANA LETTER NO
FF8A 30CF HALFWIDTH KATAKANA LETTER HA
FF8B 30D2 HALFWIDTH KATAKANA LETTER HI
FF8C 30D5 HALFWIDTH KATAKANA LETTER HU
FF8D 30D8 HALFWIDTH KATAKANA LETTER HE
FF8E 30DB HALFWIDTH KATAKANA LETTER HO
FF8F 30DE HALFWIDTH KATAKANA LETTER MA
FF90 30DF HALFWIDTH KATAKANA LETTER MI
FF91 30E0 HALFWIDTH KATAKANA LETTER MU
FF92 30E1 HALFWIDTH KATAKANA LETTER ME
FF93 30E2 HALFWIDTH KATAKANA LETTER MO
FF94 30E4 HALFWIDTH KATAKANA LETTER YA
FF95 30E6 HALFWIDTH KATAKANA LETTER YU
FF96 30E8 HALFWIDTH KATAKANA LETTER YO
FF97 30E9 HALFWIDTH KATAKANA LETTER RA
FF98 30EA HALFWIDTH KATAKANA LETTER RI
FF99 30EB HALFWIDTH KATAKANA LETTER RU
FF9A 30EC HALFWIDTH KATAKANA LETTER RE
FF9B 30ED HALFWIDTH KATAKANA LETTER RO
FF9C 30EF HALFWIDTH KATAKANA LETTER WA
FF9D 30F3 HALFWIDTH KATAKANA LETTER N
FF9E 309B HALFWIDTH KATAKANA VOICED SOUND MARK
FF9F 309C HALFWIDTH KATAKANA SEMI-VOICED SOUND MARK
