# unicode.map -- mapping table to make unicode case-independent
#
#	(C) Copyright 1994 by Carnegie Mellon University
#
#                      All Rights Reserved
#
# Permission to use, copy, modify, and distribute this software and its 
# documentation for any purpose and without fee is hereby granted, 
# provided that the above copyright notice appear in all copies and that
# both that copyright notice and this permission notice appear in 
# supporting documentation, and that the name of CMU not be
# used in advertising or publicity pertaining to distribution of the
# software without specific, written prior permission.  
# 
# CMU DISCLAIMS ALL WARRANTIES WITH REGARD TO THIS SOFTWARE, INCLUDING
# ALL IMPLIED WARRANTIES OF MERCHANTABILITY AND FITNESS, IN NO EVENT SHALL
# CMU BE LIABLE FOR ANY SPECIAL, INDIRECT OR CONSEQUENTIAL DAMAGES OR
# ANY DAMAGES WHATSOEVER RESULTING FROM LOSS OF USE, DATA OR PROFITS,
# WHETHER IN AN ACTION OF CONTRACT, NEGLIGENCE OR OTHER TORTIOUS ACTION,
# ARISING OUT OF OR IN CONNECTION WITH THE USE OR PERFORMANCE OF THIS
# SOFTWARE.


# us-ascii characters map to single characters

0001 "\001" # START OF HEADING (SOH)
0002 "\002" # START OF TEXT (STX)
0003 "\003" # END OF TEXT (ETX)
0004 "\004" # END OF TRANSMISSION (EOT)
0005 "\005" # ENQUIRY (ENQ)
0006 "\006" # ACKNOWLEDGE (ACK)
0007 "\007" # BELL (BEL)
0008 "\010" # BACKSPACE (BS)
0009 "\011" # CHARACTER TABULATION (HT)
000a "\012" # LINE FEED (LF)
000b "\013" # LINE TABULATION (VT)
000c "\014" # FORM FEED (FF)
000d "\015" # CARRIAGE RETURN (CR)
000e "\016" # SHIFT OUT (SO)
000f "\017" # SHIFT IN (SI)
0010 "\020" # DATALINK ESCAPE (DLE)
0011 "\021" # DEVICE CONTROL ONE (DC1)
0012 "\022" # DEVICE CONTROL TWO (DC2)
0013 "\023" # DEVICE CONTROL THREE (DC3)
0014 "\024" # DEVICE CONTROL FOUR (DC4)
0015 "\025" # NEGATIVE ACKNOWLEDGE (NAK)
0016 "\026" # SYNCRONOUS IDLE (SYN)
0017 "\027" # END OF TRANSMISSION BLOCK (ETB)
0018 "\030" # CANCEL (CAN)
0019 "\031" # END OF MEDIUM (EM)
001a "\032" # SUBSTITUTE (SUB)
001b "\033" # ESCAPE (ESC)
001c "\034" # FILE SEPARATOR (IS4)
001d "\035" # GROUP SEPARATOR (IS3)
001e "\036" # RECORD SEPARATOR (IS2)
001f "\037" # UNIT SEPARATOR (IS1)
0020 " " # SPACE
0021 "!" # EXCLAMATION MARK
0022 "\"" # QUOTATION MARK
0023 "#" # NUMBER SIGN
0024 "$" # DOLLAR SIGN
0025 "%" # PERCENT SIGN
0026 "&" # AMPERSAND
0027 "'" # APOSTROPHE
0028 "(" # LEFT PARENTHESIS
0029 ")" # RIGHT PARENTHESIS
002a "*" # ASTERISK
002b "+" # PLUS SIGN
002c "," # COMMA
002d "-" # HYPHEN-MINUS
002e "." # FULL STOP
002f "/" # SOLIDUS
0030 "0" # DIGIT ZERO
0031 "1" # DIGIT ONE
0032 "2" # DIGIT TWO
0033 "3" # DIGIT THREE
0034 "4" # DIGIT FOUR
0035 "5" # DIGIT FIVE
0036 "6" # DIGIT SIX
0037 "7" # DIGIT SEVEN
0038 "8" # DIGIT EIGHT
0039 "9" # DIGIT NINE
003a ":" # COLON
003b ";" # SEMICOLON
003c "<" # LESS-THAN SIGN
003d "=" # EQUALS SIGN
003e ">" # GREATER-THAN SIGN
003f "?" # QUESTION MARK
0040 "@" # COMMERCIAL AT
0041 "a" # LATIN CAPITAL LETTER A
0042 "b" # LATIN CAPITAL LETTER B
0043 "c" # LATIN CAPITAL LETTER C
0044 "d" # LATIN CAPITAL LETTER D
0045 "e" # LATIN CAPITAL LETTER E
0046 "f" # LATIN CAPITAL LETTER F
0047 "g" # LATIN CAPITAL LETTER G
0048 "h" # LATIN CAPITAL LETTER H
0049 "i" # LATIN CAPITAL LETTER I
004a "j" # LATIN CAPITAL LETTER J
004b "k" # LATIN CAPITAL LETTER K
004c "l" # LATIN CAPITAL LETTER L
004d "m" # LATIN CAPITAL LETTER M
004e "n" # LATIN CAPITAL LETTER N
004f "o" # LATIN CAPITAL LETTER O
0050 "p" # LATIN CAPITAL LETTER P
0051 "q" # LATIN CAPITAL LETTER Q
0052 "r" # LATIN CAPITAL LETTER R
0053 "s" # LATIN CAPITAL LETTER S
0054 "t" # LATIN CAPITAL LETTER T
0055 "u" # LATIN CAPITAL LETTER U
0056 "v" # LATIN CAPITAL LETTER V
0057 "w" # LATIN CAPITAL LETTER W
0058 "x" # LATIN CAPITAL LETTER X
0059 "y" # LATIN CAPITAL LETTER Y
005a "z" # LATIN CAPITAL LETTER Z
005b "[" # LEFT SQUARE BRACKET
005c "\\" # REVERSE SOLIDUS
005d "]" # RIGHT SQUARE BRACKET
005e "^" # CIRCUMFLEX ACCENT
005f "_" # LOW LINE
0060 "`" # GRAVE ACCENT
0061 "a" # LATIN SMALL LETTER A
0062 "b" # LATIN SMALL LETTER B
0063 "c" # LATIN SMALL LETTER C
0064 "d" # LATIN SMALL LETTER D
0065 "e" # LATIN SMALL LETTER E
0066 "f" # LATIN SMALL LETTER F
0067 "g" # LATIN SMALL LETTER G
0068 "h" # LATIN SMALL LETTER H
0069 "i" # LATIN SMALL LETTER I
006a "j" # LATIN SMALL LETTER J
006b "k" # LATIN SMALL LETTER K
006c "l" # LATIN SMALL LETTER L
006d "m" # LATIN SMALL LETTER M
006e "n" # LATIN SMALL LETTER N
006f "o" # LATIN SMALL LETTER O
0070 "p" # LATIN SMALL LETTER P
0071 "q" # LATIN SMALL LETTER Q
0072 "r" # LATIN SMALL LETTER R
0073 "s" # LATIN SMALL LETTER S
0074 "t" # LATIN SMALL LETTER T
0075 "u" # LATIN SMALL LETTER U
0076 "v" # LATIN SMALL LETTER V
0077 "w" # LATIN SMALL LETTER W
0078 "x" # LATIN SMALL LETTER X
0079 "y" # LATIN SMALL LETTER Y
007a "z" # LATIN SMALL LETTER Z
007b "{" # LEFT CURLY BRACKET
007c "|" # VERTICAL LINE
007d "}" # RIGHT CURLY BRACKET
007e "~" # TILDE
007f "\177" # DELETE (DEL)


# iso-8859-X hacks

00a0 " " # NO-BREAK SPACE
00ab "<<" # LEFT-POINTING DOUBLE ANGLE QUOTATION MARK
00ad "-" # SOFT HYPHEN
00b2 "2" # SUPERSCRIPT TWO
00b9 "1" # SUPERSCRIPT ONE
00b3 "3" # SUPERSCRIPT THREE
00bb ">>" # RIGHT-POINTING DOUBLE ANGLE QUOTATION MARK
00bc "1/4" # VULGAR FRACTION ONE QUARTER
00bd "1/2" # VULGAR FRACTION ONE HALF
00be "3/4" # VULGAR FRACTION THREE QUARTERS
00df "ss" # LATIN SMALL LETTER SHARP S (German)

00c0 00e0 # LATIN CAPITAL LETTER A WITH GRAVE
00c1 00e1 # LATIN CAPITAL LETTER A WITH ACUTE
00c2 00e2 # LATIN CAPITAL LETTER A WITH CIRCUMFLEX
00c3 00e3 # LATIN CAPITAL LETTER A WITH TILDE
00c4 00e4 # LATIN CAPITAL LETTER A WITH DIAERESIS
00c5 00e5 # LATIN CAPITAL LETTER A WITH RING ABOVE
00c6 00e6 # LATIN CAPITAL LETTER AE
00c7 00e7 # LATIN CAPITAL LETTER C WITH CEDILLA
00c8 00e8 # LATIN CAPITAL LETTER E WITH GRAVE
00c9 00e9 # LATIN CAPITAL LETTER E WITH ACUTE
00ca 00ea # LATIN CAPITAL LETTER E WITH CIRCUMFLEX
00cb 00eb # LATIN CAPITAL LETTER E WITH DIAERESIS
00cc 00ec # LATIN CAPITAL LETTER I WITH GRAVE
00cd 00ed # LATIN CAPITAL LETTER I WITH ACUTE
00ce 00ee # LATIN CAPITAL LETTER I WITH CIRCUMFLEX
00cf 00ef # LATIN CAPITAL LETTER I WITH DIAERESIS
00d0 00f0 # LATIN CAPITAL LETTER ETH (Icelandic)
00d1 00f1 # LATIN CAPITAL LETTER N WITH TILDE
00d2 00f2 # LATIN CAPITAL LETTER O WITH GRAVE
00d3 00f3 # LATIN CAPITAL LETTER O WITH ACUTE
00d4 00f4 # LATIN CAPITAL LETTER O WITH CIRCUMFLEX
00d5 00f5 # LATIN CAPITAL LETTER O WITH TILDE
00d6 00f6 # LATIN CAPITAL LETTER O WITH DIAERESIS
00d8 00f8 # LATIN CAPITAL LETTER O WITH STROKE
00d9 00f9 # LATIN CAPITAL LETTER U WITH GRAVE
00da 00fa # LATIN CAPITAL LETTER U WITH ACUTE
00db 00fb # LATIN CAPITAL LETTER U WITH CIRCUMFLEX
00dc 00fc # LATIN CAPITAL LETTER U WITH DIAERESIS
00dd 00fd # LATIN CAPITAL LETTER Y WITH ACUTE
00de 00fe # LATIN CAPITAL LETTER THORN (Icelandic)

0100 0101 # LATIN CAPITAL LETTER A WITH MACRON
0102 0103 # LATIN CAPITAL LETTER A WITH BREVE
0104 0119 # LATIN CAPITAL LETTER A WITH OGONEK
0106 0107 # LATIN CAPITAL LETTER C WITH ACUTE
0108 0109 # LATIN CAPITAL LETTER C WITH CIRCUMFLEX
010a 010b # LATIN CAPITAL LETTER C WITH DOT ABOVE
010c 010d # LATIN CAPITAL LETTER C WITH CARON
010e 010f # LATIN CAPITAL LETTER D WITH CARON
0110 0111 # LATIN CAPITAL LETTER D WITH STROKE
0112 0113 # LATIN CAPITAL LETTER E WITH MACRON
0116 0117 # LATIN CAPITAL LETTER E WITH DOT ABOVE
0118 0119 # LATIN CAPITAL LETTER E WITH OGONEK
011a 011b # LATIN CAPITAL LETTER E WITH CARON
011c 011d # LATIN CAPITAL LETTER G WITH CIRCUMFLEX
011e 011f # LATIN CAPITAL LETTER G WITH BREVE
0120 0121 # LATIN CAPITAL LETTER G WITH DOT ABOVE
0122 0123 # LATIN CAPITAL LETTER G WITH CEDILLA
0124 0125 # LATIN CAPITAL LETTER H WITH CIRCUMFLEX
0126 0127 # LATIN CAPITAL LETTER H WITH STROKE
0128 0129 # LATIN CAPITAL LETTER I WITH TILDE
012a 012b # LATIN CAPITAL LETTER I WITH MACRON
012e 012f # LATIN CAPITAL LETTER I WITH OGONEK
#0130 # LATIN CAPITAL LETTER I WITH DOT ABOVE
0134 0135 # LATIN CAPITAL LETTER J WITH CIRCUMFLEX
0136 0137 # LATIN CAPITAL LETTER K WITH CEDILLA
0139 013a # LATIN CAPITAL LETTER L WITH ACUTE
013b 013c # LATIN CAPITAL LETTER L WITH CEDILLA
013d 013e # LATIN CAPITAL LETTER L WITH CARON
0141 0142 # LATIN CAPITAL LETTER L WITH STROKE
0143 0144 # LATIN CAPITAL LETTER N WITH ACUTE
0145 0146 # LATIN CAPITAL LETTER N WITH CEDILLA
0147 0148 # LATIN CAPITAL LETTER N WITH CARON
014a 014b # LATIN CAPITAL LETTER ENG (Lappish)
014c 014d # LATIN CAPITAL LETTER O WITH MACRON
0150 0151 # LATIN CAPITAL LETTER O WITH DOUBLE ACUTE
0154 0155 # LATIN CAPITAL LETTER R WITH ACUTE
0156 0157 # LATIN CAPITAL LETTER R WITH CEDILLA
0158 0159 # LATIN CAPITAL LETTER R WITH CARON
015a 015b # LATIN CAPITAL LETTER S WITH ACUTE
015c 015d # LATIN CAPITAL LETTER S WITH CIRCUMFLEX
015e 015f # LATIN CAPITAL LETTER S WITH CEDILLA
0160 0161 # LATIN CAPITAL LETTER S WITH CARON
0162 0163 # LATIN CAPITAL LETTER T WITH CEDILLA
0164 0165 # LATIN CAPITAL LETTER T WITH CARON
0166 0167 # LATIN CAPITAL LETTER T WITH STROKE
0168 0169 # LATIN CAPITAL LETTER U WITH TILDE
016a 016b # LATIN CAPITAL LETTER U WITH MACRON
016c 016d # LATIN CAPITAL LETTER U WITH BREVE
016e 016f # LATIN CAPITAL LETTER U WITH RING ABOVE
0170 0171 # LATIN CAPITAL LETTER U WITH DOUBLE ACUTE
0172 0173 # LATIN CAPITAL LETTER U WITH OGONEK
0179 017a # LATIN CAPITAL LETTER Z WITH ACUTE
017b 017c # LATIN CAPITAL LETTER Z WITH DOT ABOVE
017d 017e # LATIN CAPITAL LETTER Z WITH CARON

0386 03ac # GREEK CAPITAL LETTER ALPHA WITH TONOS
0388 03ad # GREEK CAPITAL LETTER EPSILON WITH TONOS
0389 03ae # GREEK CAPITAL LETTER ETA WITH TONOS
038a 03af # GREEK CAPITAL LETTER IOTA WITH TONOS
038c 03cc # GREEK CAPITAL LETTER OMICRON WITH TONOS
038e 03cd # GREEK CAPITAL LETTER UPSILON WITH TONOS
038f 03ce # GREEK CAPITAL LETTER OMEGA WITH TONOS
0391 03b1 # GREEK CAPITAL LETTER ALPHA
0392 03b2 # GREEK CAPITAL LETTER BETA
0393 03b3 # GREEK CAPITAL LETTER GAMMA
0394 03b4 # GREEK CAPITAL LETTER DELTA
0395 03b5 # GREEK CAPITAL LETTER EPSILON
0396 03b6 # GREEK CAPITAL LETTER ZETA
0397 03b7 # GREEK CAPITAL LETTER ETA
0398 03b8 # GREEK CAPITAL LETTER THETA
0399 03b9 # GREEK CAPITAL LETTER IOTA
039a 03ba # GREEK CAPITAL LETTER KAPPA
039b 03bb # GREEK CAPITAL LETTER LAMDA
039c 03bc # GREEK CAPITAL LETTER MU
039d 03bd # GREEK CAPITAL LETTER NU
039e 03be # GREEK CAPITAL LETTER XI
039f 03bf # GREEK CAPITAL LETTER OMICRON
03a0 03c0 # GREEK CAPITAL LETTER PI
03a1 03c1 # GREEK CAPITAL LETTER RHO
03a3 03c3 # GREEK CAPITAL LETTER SIGMA
03a4 03c4 # GREEK CAPITAL LETTER TAU
03a5 03c5 # GREEK CAPITAL LETTER UPSILON
03a6 03c6 # GREEK CAPITAL LETTER PHI
03a7 03c7 # GREEK CAPITAL LETTER CHI
03a8 03c8 # GREEK CAPITAL LETTER PSI
03a9 03c9 # GREEK CAPITAL LETTER OMEGA
03aa 03ca # GREEK CAPITAL LETTER IOTA WITH DIALYTIKA
03ab 03cb # GREEK CAPITAL LETTER UPSILON WITH DIALYTIKA

0401 0451 # CYRILLIC CAPITAL LETTER IO
0402 0452 # CYRILLIC CAPITAL LETTER DJE (Serbocroatian)
0403 0453 # CYRILLIC CAPITAL LETTER GJE (Macedonian)
0404 0454 # CYRILLIC CAPITAL LETTER UKRAINIAN IE
0405 0455 # CYRILLIC CAPITAL LETTER DZE (Macedonian)
0406 0456 # CYRILLIC CAPITAL LETTER BYELORUSSIAN-UKRAINIAN I
0407 0457 # CYRILLIC CAPITAL LETTER YI (Ukrainian)
0408 0458 # CYRILLIC CAPITAL LETTER JE
0409 0459 # CYRILLIC CAPITAL LETTER LJE
040a 045a # CYRILLIC CAPITAL LETTER NJE
040b 045b # CYRILLIC CAPITAL LETTER TSHE (Serbocroatian)
040c 045c # CYRILLIC CAPITAL LETTER KJE (Macedonian)
#040d missing?
040e 045e # CYRILLIC CAPITAL LETTER SHORT U (Byelorussian)
040f 045f # CYRILLIC CAPITAL LETTER DZHE
0410 0430 # CYRILLIC CAPITAL LETTER A
0411 0431 # CYRILLIC CAPITAL LETTER BE
0412 0432 # CYRILLIC CAPITAL LETTER VE
0413 0433 # CYRILLIC CAPITAL LETTER GHE
0414 0434 # CYRILLIC CAPITAL LETTER DE
0415 0435 # CYRILLIC CAPITAL LETTER IE
0416 0436 # CYRILLIC CAPITAL LETTER ZHE
0417 0437 # CYRILLIC CAPITAL LETTER ZE
0418 0438 # CYRILLIC CAPITAL LETTER I
0419 0439 # CYRILLIC CAPITAL LETTER SHORT I
041a 043a # CYRILLIC CAPITAL LETTER KA
041b 043b # CYRILLIC CAPITAL LETTER EL
041c 043c # CYRILLIC CAPITAL LETTER EM
041d 043d # CYRILLIC CAPITAL LETTER EN
041e 043e # CYRILLIC CAPITAL LETTER O
041f 043f # CYRILLIC CAPITAL LETTER PE
0420 0440 # CYRILLIC CAPITAL LETTER ER
0421 0441 # CYRILLIC CAPITAL LETTER ES
0422 0442 # CYRILLIC CAPITAL LETTER TE
0423 0443 # CYRILLIC CAPITAL LETTER U
0424 0444 # CYRILLIC CAPITAL LETTER EF
0425 0445 # CYRILLIC CAPITAL LETTER HA
0426 0446 # CYRILLIC CAPITAL LETTER TSE
0427 0447 # CYRILLIC CAPITAL LETTER CHE
0428 0448 # CYRILLIC CAPITAL LETTER SHA
0429 0449 # CYRILLIC CAPITAL LETTER SHCHA
042a 044a # CYRILLIC CAPITAL LETTER HARD SIGN
042b 044b # CYRILLIC CAPITAL LETTER YERU
042c 044c # CYRILLIC CAPITAL LETTER SOFT SIGN
042d 044d # CYRILLIC CAPITAL LETTER E
042e 044e # CYRILLIC CAPITAL LETTER YU
042f 044f # CYRILLIC CAPITAL LETTER YA

# Aribic digits

0660 "0" # ARABIC-INDIC DIGIT ZERO
0661 "1" # ARABIC-INDIC DIGIT ONE
0662 "2" # ARABIC-INDIC DIGIT TWO
0663 "3" # ARABIC-INDIC DIGIT THREE
0664 "4" # ARABIC-INDIC DIGIT FOUR
0665 "5" # ARABIC-INDIC DIGIT FIVE
0666 "6" # ARABIC-INDIC DIGIT SIX
0667 "7" # ARABIC-INDIC DIGIT SEVEN
0668 "8" # ARABIC-INDIC DIGIT EIGHT
0669 "9" # ARABIC-INDIC DIGIT NINE

# koi8-r hacks

2248 "~" # ALMOST EQUAL TO
2264 "<=" # LESS THAN OR EQUAL TO
2265 ">=" # GREATER THAN OR EQUAL TO

# map halfwidth katakana to fullwidth

#A0 ???? 3000 HALFWIDTH IDOEOGRAPHIC SPACE
FF61 3002 HALFWIDTH IDEOGRAPHIC FULL STOP
FF62 300C HALFWIDTH LEFT CORNER BRACKET
FF63 300D HALFWIDTH RIGHT CORNER BRACKET
FF64 3001 HALFWIDTH IDEOGRAPHIC COMMA
FF65 30FB HALFWIDTH KATAKANA MIDDLE DOT
FF66 30F2 HALFWIDTH KATAKANA LETTER WO
FF67 30A1 HALFWIDTH KATAKANA LETTER SMALL A
FF68 30A3 HALFWIDTH KATAKANA LETTER SMALL I
FF69 30A5 HALFWIDTH KATAKANA LETTER SMALL U
FF6A 30A7 HALFWIDTH KATAKANA LETTER SMALL E
FF6B 30A9 HALFWIDTH KATAKANA LETTER SMALL O
FF6C 30E3 HALFWIDTH KATAKANA LETTER SMALL YA
FF6D 30E5 HALFWIDTH KATAKANA LETTER SMALL YU
FF6E 30E7 HALFWIDTH KATAKANA LETTER SMALL YO
FF6F 30C3 HALFWIDTH KATAKANA LETTER SMALL TU
FF70 30FC HALFWIDTH KATAKANA-HIRAGANA PROLONGED SOUND MARK
FF71 30A2 HALFWIDTH KATAKANA LETTER A
FF72 30A4 HALFWIDTH KATAKANA LETTER I
FF73 30A6 HALFWIDTH KATAKANA LETTER U
FF74 30A8 HALFWIDTH KATAKANA LETTER E
FF75 30AA HALFWIDTH KATAKANA LETTER O
FF76 30AB HALFWIDTH KATAKANA LETTER KA
FF77 30AD HALFWIDTH KATAKANA LETTER KI
FF78 30AF HALFWIDTH KATAKANA LETTER KU
FF79 30B1 HALFWIDTH KATAKANA LETTER KE
FF7A 30B3 HALFWIDTH KATAKANA LETTER KO
FF7B 30B5 HALFWIDTH KATAKANA LETTER SA
FF7C 30B7 HALFWIDTH KATAKANA LETTER SI
FF7D 30B9 HALFWIDTH KATAKANA LETTER SU
FF7E 30BB HALFWIDTH KATAKANA LETTER SE
FF7F 30BD HALFWIDTH KATAKANA LETTER SO
FF80 30BF HALFWIDTH KATAKANA LETTER TA
FF81 30C1 HALFWIDTH KATAKANA LETTER TI
FF82 30C4 HALFWIDTH KATAKANA LETTER TU
FF83 30C6 HALFWIDTH KATAKANA LETTER TE
FF84 30C8 HALFWIDTH KATAKANA LETTER TO
FF85 30CA HALFWIDTH KATAKANA LETTER NA
FF86 30CB HALFWIDTH KATAKANA LETTER NI
FF87 30CC HALFWIDTH KATAKANA LETTER NU
FF88 30CD HALFWIDTH KATAKANA LETTER NE
FF89 30CE HALFWIDTH KATAKANA LETTER NO
FF8A 30CF HALFWIDTH KATAKANA LETTER HA
FF8B 30D2 HALFWIDTH KATAKANA LETTER HI
FF8C 30D5 HALFWIDTH KATAKANA LETTER HU
FF8D 30D8 HALFWIDTH KATAKANA LETTER HE
FF8E 30DB HALFWIDTH KATAKANA LETTER HO
FF8F 30DE HALFWIDTH KATAKANA LETTER MA
FF90 30DF HALFWIDTH KATAKANA LETTER MI
FF91 30E0 HALFWIDTH KATAKANA LETTER MU
FF92 30E1 HALFWIDTH KATAKANA LETTER ME
FF93 30E2 HALFWIDTH KATAKANA LETTER MO
FF94 30E4 HALFWIDTH KATAKANA LETTER YA
FF95 30E6 HALFWIDTH KATAKANA LETTER YU
FF96 30E8 HALFWIDTH KATAKANA LETTER YO
FF97 30E9 HALFWIDTH KATAKANA LETTER RA
FF98 30EA HALFWIDTH KATAKANA LETTER RI
FF99 30EB HALFWIDTH KATAKANA LETTER RU
FF9A 30EC HALFWIDTH KATAKANA LETTER RE
FF9B 30ED HALFWIDTH KATAKANA LETTER RO
FF9C 30EF HALFWIDTH KATAKANA LETTER WA
FF9D 30F3 HALFWIDTH KATAKANA LETTER N
FF9E 309B HALFWIDTH KATAKANA VOICED SOUND MARK
FF9F 309C HALFWIDTH KATAKANA SEMI-VOICED SOUND MARK
